07:20:47  INFO      Logger initialised — log file: outputs\run_20260824_072047.log
07:20:47  INFO      Pipeline started  | mode=full | 2026-08-24 07:20:47
07:20:47  INFO      ============================================================
07:20:47  INFO      STEP 1: DATA LOADING
07:20:47  INFO      Loading dataset from 'creditcard.csv' ...
07:20:51  INFO      Dataset loaded: 284,807 rows × 31 columns
07:20:53  INFO        Null values  : 0
07:20:53  INFO        Duplicates   : 1081
07:20:53  INFO        Normal       : 284,315
07:20:53  INFO        Fraud        : 492 (0.173%)
07:20:53  INFO      ============================================================
07:20:53  INFO      STEP 2: PREPROCESSING
07:20:53  INFO      Preprocessing — scaling Amount & Time ...
07:20:53  INFO      Preprocessing — stratified train/test split ...
07:20:54  INFO      Preprocessing — applying SMOTE to training set ...
07:21:00  INFO      Preprocessing — sampling 10% for unsupervised models ...
07:21:00  INFO      ──────────────────────────────────────────────────
07:21:00  INFO      Preprocessing summary:
07:21:00  INFO        Full dataset      : 284,807 rows × 30 features
07:21:00  INFO        Train set         : 227,845  |  Fraud: 394
07:21:00  INFO        Test  set         : 56,962   |  Fraud: 98
07:21:00  INFO        After SMOTE train : 454,902  |  Fraud: 227451
07:21:00  INFO        Sample (unsup.)   : 28,481   |  Fraud: 46
07:21:00  INFO        Outlier fraction  : 0.00162
07:21:00  INFO      ──────────────────────────────────────────────────
07:21:00  INFO      Generating EDA plots ...
07:21:03  INFO        Saved → outputs\plot_class_distribution.png
