07:02:52  INFO      Logger initialised — log file: outputs\run_20260825_070252.log
07:02:52  INFO      Pipeline started  | mode=full | 2026-08-25 07:02:52
07:02:52  INFO      ============================================================
07:02:52  INFO      STEP 1: DATA LOADING
07:02:52  INFO      Loading dataset from 'creditcard.csv' ...
07:02:56  INFO      Dataset loaded: 284,807 rows × 31 columns
07:02:59  INFO        Null values  : 0
07:02:59  INFO        Duplicates   : 1081
07:02:59  INFO        Normal       : 284,315
07:02:59  INFO        Fraud        : 492 (0.173%)
07:02:59  INFO      ============================================================
07:02:59  INFO      STEP 2: PREPROCESSING
07:02:59  INFO      Preprocessing — scaling Amount & Time ...
07:03:00  INFO      Preprocessing — stratified train/test split ...
07:03:01  INFO      Preprocessing — applying SMOTE to training set ...
07:03:16  INFO      Preprocessing — sampling 10% for unsupervised models ...
07:03:17  INFO      ──────────────────────────────────────────────────
07:03:17  INFO      Preprocessing summary:
07:03:17  INFO        Full dataset      : 284,807 rows × 30 features
07:03:17  INFO        Train set         : 227,845  |  Fraud: 394
07:03:17  INFO        Test  set         : 56,962   |  Fraud: 98
07:03:17  INFO        After SMOTE train : 454,902  |  Fraud: 227451
07:03:17  INFO        Sample (unsup.)   : 28,481   |  Fraud: 46
07:03:17  INFO        Outlier fraction  : 0.00162
07:03:17  INFO      ──────────────────────────────────────────────────
07:03:17  INFO      Generating EDA plots ...
07:03:20  INFO        Saved → outputs\plot_class_distribution.png
